******************************************************************************
                  TI ARM Linker PC v20.2.7                     
******************************************************************************
>> Linked Fri Dec 13 14:21:32 2024

OUTPUT FILE NAME:   <seri port ödev videosu.out>
ENTRY POINT SYMBOL: "_c_int00_noargs"  address: 00002329


MEMORY CONFIGURATION

         name            origin    length      used     unused   attr    fill
----------------------  --------  ---------  --------  --------  ----  --------
  FLASH                 00000000   00040000  0000293c  0003d6c4  R  X
  SRAM                  20000000   00008000  00000490  00007b70  RW X


SEGMENT ALLOCATION MAP

run origin  load origin   length   init length attrs members
----------  ----------- ---------- ----------- ----- -------
00000000    00000000    00002940   00002940    r-x
  00000000    00000000    0000026c   0000026c    r-- .intvecs
  0000026c    0000026c    000021dc   000021dc    r-x .text
  00002448    00002448    000004a4   000004a4    r-- .const
  000028f0    000028f0    00000050   00000050    r-- .cinit
20000000    20000000    00000490   00000000    rw-
  20000000    20000000    0000026c   00000000    rw- .vtable
  2000026c    2000026c    00000004   00000000    rw- .bss
  20000270    20000270    00000200   00000000    rw- .stack
  20000470    20000470    00000020   00000000    rw- .data


SECTION ALLOCATION MAP

 output                                  attributes/
section   page    origin      length       input sections
--------  ----  ----------  ----------   ----------------
.intvecs   0    00000000    0000026c     
                  00000000    0000026c     tm4c123gh6pm_startup_ccs.obj (.intvecs)

.text      0    0000026c    000021dc     
                  0000026c    00001dc8     main.obj (.text)
                  00002034    0000009c     rtsv7M4_T_le_v4SPD16_eabi.lib : memcpy_t2.asm.obj (.text)
                  000020d0    00000068     driverlib.lib : interrupt.obj (.text:IntDisable)
                  00002138    00000068                   : interrupt.obj (.text:IntEnable)
                  000021a0    00000068     rtsv7M4_T_le_v4SPD16_eabi.lib : copy_decompress_lzss.c.obj (.text:decompress:lzss:__TI_decompress_lzss)
                  00002208    00000060     driverlib.lib : timer.obj (.text:TimerConfigure)
                  00002268    00000046                   : uart.obj (.text:UARTConfigSetExpClk)
                  000022ae    00000002                   : interrupt.obj (.text:_IntDefaultHandler)
                  000022b0    00000044     rtsv7M4_T_le_v4SPD16_eabi.lib : autoinit.c.obj (.text:__TI_auto_init_nobinit_nopinit:__TI_auto_init_nobinit_nopinit)
                  000022f4    00000034     driverlib.lib : interrupt.obj (.text:IntRegister)
                  00002328    00000034     rtsv7M4_T_le_v4SPD16_eabi.lib : boot_cortex_m.c.obj (.text:_c_int00_noargs:_c_int00_noargs)
                  0000235c    00000020     driverlib.lib : uart.obj (.text:UARTDisable)
                  0000237c    0000001c     rtsv7M4_T_le_v4SPD16_eabi.lib : copy_zero_init.c.obj (.text:decompress:ZI:__TI_zero_init_nomemset:__TI_zero_init_nomemset)
                  00002398    00000014     driverlib.lib : interrupt.obj (.text:IntUnregister)
                  000023ac    00000014                   : uart.obj (.text:UARTEnable)
                  000023c0    00000012                   : timer.obj (.text:TimerLoadSet)
                  000023d2    00000010                   : interrupt.obj (.text:IntMasterEnable)
                  000023e2    0000000e                   : timer.obj (.text:TimerEnable)
                  000023f0    0000000e     rtsv7M4_T_le_v4SPD16_eabi.lib : copy_decompress_none.c.obj (.text:decompress:none:__TI_decompress_none)
                  000023fe    0000000c     driverlib.lib : cpu.obj (.text:CPUcpsie)
                  0000240a    0000000c     tm4c123gh6pm_startup_ccs.obj (.text)
                  00002416    0000000a     driverlib.lib : timer.obj (.text:TimerIntStatus)
                  00002420    0000000a                   : uart.obj (.text:UARTCharPut)
                  0000242a    00000008                   : timer.obj (.text:TimerIntEnable)
                  00002432    00000006     main.obj (.text:SysCtlDelay)
                  00002438    00000004     driverlib.lib : cpu.obj (.text:CPUwfi)
                  0000243c    00000004                   : timer.obj (.text:TimerIntClear)
                  00002440    00000004     rtsv7M4_T_le_v4SPD16_eabi.lib : pre_init.c.obj (.text:_system_pre_init)
                  00002444    00000004                                   : exit.c.obj (.text:abort:abort)

.const     0    00002448    000004a4     
                  00002448    000001b0     main.obj (.const:g_pppui32XTALtoVCO)
                  000025f8    000000d8     main.obj (.const:g_ppui32GPIOIntMapSnowflake)
                  000026d0    000000c0     main.obj (.const:g_ppui32GPIOIntMapBlizzard)
                  00002790    00000090     main.obj (.const:g_pui32GPIOBaseAddrs)
                  00002820    0000006c     main.obj (.const:g_pui32Xtals)
                  0000288c    00000030     main.obj (.const:g_sXTALtoMEMTIM)
                  000028bc    00000014     driverlib.lib : interrupt.obj (.const:g_pui32Dii16Regs)
                  000028d0    00000014                   : interrupt.obj (.const:g_pui32EnRegs)
                  000028e4    00000008     main.obj (.const:g_pui32VCOFrequencies)

.cinit     0    000028f0    00000050     
                  000028f0    00000019     (.cinit..data.load) [load image, compression = lzss]
                  00002909    00000003     --HOLE-- [fill = 0]
                  0000290c    0000000c     (__TI_handler_table)
                  00002918    00000008     (.cinit..bss.load) [load image, compression = zero_init]
                  00002920    00000008     (.cinit..vtable.load) [load image, compression = zero_init]
                  00002928    00000018     (__TI_cinit_table)

.init_array 
*          0    00000000    00000000     UNINITIALIZED

.vtable    0    20000000    0000026c     UNINITIALIZED
                  20000000    0000026c     driverlib.lib : interrupt.obj (.vtable)

.bss       0    2000026c    00000004     UNINITIALIZED
                  2000026c    00000004     (.common:timerkesmesi)

.data      0    20000470    00000020     UNINITIALIZED
                  20000470    00000020     main.obj (.data:saatdizi)

.stack     0    20000270    00000200     UNINITIALIZED
                  20000270    00000004     rtsv7M4_T_le_v4SPD16_eabi.lib : boot_cortex_m.c.obj (.stack)
                  20000274    000001fc     --HOLE--

__llvm_prf_cnts 
*          0    20000000    00000000     UNINITIALIZED

MODULE SUMMARY

       Module                         code   ro data   rw data
       ------                         ----   -------   -------
    .\
       main.obj                       7630   1148      36     
       tm4c123gh6pm_startup_ccs.obj   12     620       0      
    +--+------------------------------+------+---------+---------+
       Total:                         7642   1768      36     
                                                              
    C:/ti/TivaWare_C_Series-2.2.0.295/driverlib/ccs/Debug/driverlib.lib
       interrupt.obj                  298    40        620    
       timer.obj                      150    0         0      
       uart.obj                       132    0         0      
       cpu.obj                        16     0         0      
    +--+------------------------------+------+---------+---------+
       Total:                         596    40        620    
                                                              
    C:\ti\ccs1281\ccs\tools\compiler\ti-cgt-arm_20.2.7.LTS\lib\rtsv7M4_T_le_v4SPD16_eabi.lib
       memcpy_t2.asm.obj              156    0         0      
       copy_decompress_lzss.c.obj     104    0         0      
       autoinit.c.obj                 68     0         0      
       boot_cortex_m.c.obj            52     0         0      
       copy_zero_init.c.obj           28     0         0      
       copy_decompress_none.c.obj     14     0         0      
       exit.c.obj                     4      0         0      
       pre_init.c.obj                 4      0         0      
    +--+------------------------------+------+---------+---------+
       Total:                         430    0         0      
                                                              
       Stack:                         0      0         512    
       Linker Generated:              0      77        0      
    +--+------------------------------+------+---------+---------+
       Grand Total:                   8668   1885      1168   


LINKER GENERATED COPY TABLES

__TI_cinit_table @ 00002928 records: 3, size/record: 8, table size: 24
	.data: load addr=000028f0, load size=00000019 bytes, run addr=20000470, run size=00000020 bytes, compression=lzss
	.bss: load addr=00002918, load size=00000008 bytes, run addr=2000026c, run size=00000004 bytes, compression=zero_init
	.vtable: load addr=00002920, load size=00000008 bytes, run addr=20000000, run size=0000026c bytes, compression=zero_init


LINKER GENERATED HANDLER TABLE

__TI_handler_table @ 0000290c records: 3, size/record: 4, table size: 12
	index: 0, handler: __TI_zero_init
	index: 1, handler: __TI_decompress_lzss
	index: 2, handler: __TI_decompress_none


GLOBAL SYMBOLS: SORTED ALPHABETICALLY BY Name 

address   name                            
-------   ----                            
00002445  C$$EXIT                         
000023ff  CPUcpsie                        
00002439  CPUwfi                          
00001db1  GPIOADCTriggerDisable           
00001d93  GPIOADCTriggerEnable            
00001d75  GPIODMATriggerDisable           
00001d57  GPIODMATriggerEnable            
00001285  GPIODirModeGet                  
00001229  GPIODirModeSet                  
0000185b  GPIOIntClear                    
0000181f  GPIOIntDisable                  
00001805  GPIOIntEnable                   
0000186f  GPIOIntRegister                 
000018a7  GPIOIntRegisterPin              
00001839  GPIOIntStatus                   
0000138d  GPIOIntTypeGet                  
000012e1  GPIOIntTypeSet                  
0000188d  GPIOIntUnregister               
000018d5  GPIOIntUnregisterPin            
00001689  GPIOPadConfigGet                
00001425  GPIOPadConfigSet                
00001cf9  GPIOPinConfigure                
000018f9  GPIOPinRead                     
00001931  GPIOPinTypeADC                  
00001955  GPIOPinTypeCAN                  
00001979  GPIOPinTypeComparator           
0000199d  GPIOPinTypeComparatorOutput     
000019c1  GPIOPinTypeDIVSCLK              
000019e5  GPIOPinTypeEPI                  
00001a09  GPIOPinTypeEthernetLED          
00001a2d  GPIOPinTypeEthernetMII          
00001a51  GPIOPinTypeGPIOInput            
00001a75  GPIOPinTypeGPIOOutput           
00001aa5  GPIOPinTypeGPIOOutputOD         
00001ac9  GPIOPinTypeHibernateRTCCLK      
00001aed  GPIOPinTypeI2C                  
00001b11  GPIOPinTypeI2CSCL               
00001b35  GPIOPinTypeLCD                  
00001b59  GPIOPinTypeOneWire              
00001b7d  GPIOPinTypePWM                  
00001ba1  GPIOPinTypeQEI                  
00001bc5  GPIOPinTypeSSI                  
00001be9  GPIOPinTypeTimer                
00001c0d  GPIOPinTypeTrace                
00001c31  GPIOPinTypeUART                 
00001c55  GPIOPinTypeUSBAnalog            
00001c79  GPIOPinTypeUSBDigital           
00001c9d  GPIOPinTypeWakeHigh             
00001cc3  GPIOPinTypeWakeLow              
00001ce9  GPIOPinWakeStatus               
00001911  GPIOPinWrite                    
00001dcf  GPIOUnlockPin                   
000020d1  IntDisable                      
00002139  IntEnable                       
000023d3  IntMasterEnable                 
000022f5  IntRegister                     
00002399  IntUnregister                   
0000240b  ResetISR                        
00001f51  SetInitSettings                 
000011a9  SysCtlAltClkConfig              
000008d1  SysCtlClockFreqSet              
00000d99  SysCtlClockGet                  
0000118d  SysCtlClockOutConfig            
00000bc9  SysCtlClockSet                  
000007d5  SysCtlDeepSleep                 
00000f5d  SysCtlDeepSleepClockConfigSet   
00000f3f  SysCtlDeepSleepClockSet         
000007b5  SysCtlDeepSleepPowerSet         
00002433  SysCtlDelay                     
00000363  SysCtlFlashSectorSizeGet        
00000337  SysCtlFlashSizeGet              
00001033  SysCtlGPIOAHBDisable            
00001017  SysCtlGPIOAHBEnable             
00000749  SysCtlIntClear                  
00000731  SysCtlIntDisable                
0000071d  SysCtlIntEnable                 
000006f5  SysCtlIntRegister               
00000759  SysCtlIntStatus                 
0000070d  SysCtlIntUnregister             
0000079b  SysCtlLDODeepSleepGet           
0000078b  SysCtlLDODeepSleepSet           
00000785  SysCtlLDOSleepGet               
00000775  SysCtlLDOSleepSet               
0000080b  SysCtlMOSCConfigSet             
00001171  SysCtlNMIClear                  
0000115d  SysCtlNMIStatus                 
00000821  SysCtlPIOSCCalibrate            
00001001  SysCtlPWMClockGet               
00000fe7  SysCtlPWMClockSet               
000006a1  SysCtlPeripheralClockGating     
00000659  SysCtlPeripheralDeepSleepDisable
00000609  SysCtlPeripheralDeepSleepEnable 
00000545  SysCtlPeripheralDisable         
00000509  SysCtlPeripheralEnable          
00000445  SysCtlPeripheralPowerOff        
00000409  SysCtlPeripheralPowerOn         
00000389  SysCtlPeripheralPresent         
000003c9  SysCtlPeripheralReady           
00000481  SysCtlPeripheralReset           
000005cd  SysCtlPeripheralSleepDisable    
00000589  SysCtlPeripheralSleepEnable     
000007c5  SysCtlReset                     
00000881  SysCtlResetBehaviorGet          
00000871  SysCtlResetBehaviorSet          
000007f7  SysCtlResetCauseClear           
000007f1  SysCtlResetCauseGet             
0000032d  SysCtlSRAMSizeGet               
000007cd  SysCtlSleep                     
000007a1  SysCtlSleepPowerSet             
0000105b  SysCtlUSBPLLDisable             
0000104f  SysCtlUSBPLLEnable              
000010a1  SysCtlVCOGet                    
00001089  SysCtlVoltageEventClear         
0000106d  SysCtlVoltageEventConfig        
0000107d  SysCtlVoltageEventStatus        
00002209  TimerConfigure                  
000023e3  TimerEnable                     
0000243d  TimerIntClear                   
0000242b  TimerIntEnable                  
00002417  TimerIntStatus                  
000023c1  TimerLoadSet                    
00002421  UARTCharPut                     
00002269  UARTConfigSetExpClk             
0000235d  UARTDisable                     
000023ad  UARTEnable                      
20000470  __STACK_END                     
00000200  __STACK_SIZE                    
20000470  __STACK_TOP                     
00002928  __TI_CINIT_Base                 
00002940  __TI_CINIT_Limit                
0000290c  __TI_Handler_Table_Base         
00002918  __TI_Handler_Table_Limit        
000022b1  __TI_auto_init_nobinit_nopinit  
000021a1  __TI_decompress_lzss            
000023f1  __TI_decompress_none            
ffffffff  __TI_pprof_out_hndl             
ffffffff  __TI_prof_data_size             
ffffffff  __TI_prof_data_start            
00000000  __TI_static_base__              
0000237d  __TI_zero_init_nomemset         
00002035  __aeabi_memcpy                  
00002035  __aeabi_memcpy4                 
00002035  __aeabi_memcpy8                 
ffffffff  __binit__                       
ffffffff  __c_args__                      
UNDEFED   __mpu_init                      
20000270  __stack                         
20000000  __start___llvm_prf_cnts         
20000000  __stop___llvm_prf_cnts          
00002329  _c_int00_noargs                 
UNDEFED   _system_post_cinit              
00002441  _system_pre_init                
00002445  abort                           
ffffffff  binit                           
20000000  g_pfnRAMVectors                 
00000000  g_pfnVectors                    
00001df5  main                            
00002035  memcpy                          
00001e41  pcyesaatgonder                  
20000470  saatdizi                        
00001e7d  saatkontrol                     
2000026c  timerkesmesi                    


GLOBAL SYMBOLS: SORTED BY Symbol Address 

address   name                            
-------   ----                            
00000000  __TI_static_base__              
00000000  g_pfnVectors                    
00000200  __STACK_SIZE                    
0000032d  SysCtlSRAMSizeGet               
00000337  SysCtlFlashSizeGet              
00000363  SysCtlFlashSectorSizeGet        
00000389  SysCtlPeripheralPresent         
000003c9  SysCtlPeripheralReady           
00000409  SysCtlPeripheralPowerOn         
00000445  SysCtlPeripheralPowerOff        
00000481  SysCtlPeripheralReset           
00000509  SysCtlPeripheralEnable          
00000545  SysCtlPeripheralDisable         
00000589  SysCtlPeripheralSleepEnable     
000005cd  SysCtlPeripheralSleepDisable    
00000609  SysCtlPeripheralDeepSleepEnable 
00000659  SysCtlPeripheralDeepSleepDisable
000006a1  SysCtlPeripheralClockGating     
000006f5  SysCtlIntRegister               
0000070d  SysCtlIntUnregister             
0000071d  SysCtlIntEnable                 
00000731  SysCtlIntDisable                
00000749  SysCtlIntClear                  
00000759  SysCtlIntStatus                 
00000775  SysCtlLDOSleepSet               
00000785  SysCtlLDOSleepGet               
0000078b  SysCtlLDODeepSleepSet           
0000079b  SysCtlLDODeepSleepGet           
000007a1  SysCtlSleepPowerSet             
000007b5  SysCtlDeepSleepPowerSet         
000007c5  SysCtlReset                     
000007cd  SysCtlSleep                     
000007d5  SysCtlDeepSleep                 
000007f1  SysCtlResetCauseGet             
000007f7  SysCtlResetCauseClear           
0000080b  SysCtlMOSCConfigSet             
00000821  SysCtlPIOSCCalibrate            
00000871  SysCtlResetBehaviorSet          
00000881  SysCtlResetBehaviorGet          
000008d1  SysCtlClockFreqSet              
00000bc9  SysCtlClockSet                  
00000d99  SysCtlClockGet                  
00000f3f  SysCtlDeepSleepClockSet         
00000f5d  SysCtlDeepSleepClockConfigSet   
00000fe7  SysCtlPWMClockSet               
00001001  SysCtlPWMClockGet               
00001017  SysCtlGPIOAHBEnable             
00001033  SysCtlGPIOAHBDisable            
0000104f  SysCtlUSBPLLEnable              
0000105b  SysCtlUSBPLLDisable             
0000106d  SysCtlVoltageEventConfig        
0000107d  SysCtlVoltageEventStatus        
00001089  SysCtlVoltageEventClear         
000010a1  SysCtlVCOGet                    
0000115d  SysCtlNMIStatus                 
00001171  SysCtlNMIClear                  
0000118d  SysCtlClockOutConfig            
000011a9  SysCtlAltClkConfig              
00001229  GPIODirModeSet                  
00001285  GPIODirModeGet                  
000012e1  GPIOIntTypeSet                  
0000138d  GPIOIntTypeGet                  
00001425  GPIOPadConfigSet                
00001689  GPIOPadConfigGet                
00001805  GPIOIntEnable                   
0000181f  GPIOIntDisable                  
00001839  GPIOIntStatus                   
0000185b  GPIOIntClear                    
0000186f  GPIOIntRegister                 
0000188d  GPIOIntUnregister               
000018a7  GPIOIntRegisterPin              
000018d5  GPIOIntUnregisterPin            
000018f9  GPIOPinRead                     
00001911  GPIOPinWrite                    
00001931  GPIOPinTypeADC                  
00001955  GPIOPinTypeCAN                  
00001979  GPIOPinTypeComparator           
0000199d  GPIOPinTypeComparatorOutput     
000019c1  GPIOPinTypeDIVSCLK              
000019e5  GPIOPinTypeEPI                  
00001a09  GPIOPinTypeEthernetLED          
00001a2d  GPIOPinTypeEthernetMII          
00001a51  GPIOPinTypeGPIOInput            
00001a75  GPIOPinTypeGPIOOutput           
00001aa5  GPIOPinTypeGPIOOutputOD         
00001ac9  GPIOPinTypeHibernateRTCCLK      
00001aed  GPIOPinTypeI2C                  
00001b11  GPIOPinTypeI2CSCL               
00001b35  GPIOPinTypeLCD                  
00001b59  GPIOPinTypeOneWire              
00001b7d  GPIOPinTypePWM                  
00001ba1  GPIOPinTypeQEI                  
00001bc5  GPIOPinTypeSSI                  
00001be9  GPIOPinTypeTimer                
00001c0d  GPIOPinTypeTrace                
00001c31  GPIOPinTypeUART                 
00001c55  GPIOPinTypeUSBAnalog            
00001c79  GPIOPinTypeUSBDigital           
00001c9d  GPIOPinTypeWakeHigh             
00001cc3  GPIOPinTypeWakeLow              
00001ce9  GPIOPinWakeStatus               
00001cf9  GPIOPinConfigure                
00001d57  GPIODMATriggerEnable            
00001d75  GPIODMATriggerDisable           
00001d93  GPIOADCTriggerEnable            
00001db1  GPIOADCTriggerDisable           
00001dcf  GPIOUnlockPin                   
00001df5  main                            
00001e41  pcyesaatgonder                  
00001e7d  saatkontrol                     
00001f51  SetInitSettings                 
00002035  __aeabi_memcpy                  
00002035  __aeabi_memcpy4                 
00002035  __aeabi_memcpy8                 
00002035  memcpy                          
000020d1  IntDisable                      
00002139  IntEnable                       
000021a1  __TI_decompress_lzss            
00002209  TimerConfigure                  
00002269  UARTConfigSetExpClk             
000022b1  __TI_auto_init_nobinit_nopinit  
000022f5  IntRegister                     
00002329  _c_int00_noargs                 
0000235d  UARTDisable                     
0000237d  __TI_zero_init_nomemset         
00002399  IntUnregister                   
000023ad  UARTEnable                      
000023c1  TimerLoadSet                    
000023d3  IntMasterEnable                 
000023e3  TimerEnable                     
000023f1  __TI_decompress_none            
000023ff  CPUcpsie                        
0000240b  ResetISR                        
00002417  TimerIntStatus                  
00002421  UARTCharPut                     
0000242b  TimerIntEnable                  
00002433  SysCtlDelay                     
00002439  CPUwfi                          
0000243d  TimerIntClear                   
00002441  _system_pre_init                
00002445  C$$EXIT                         
00002445  abort                           
0000290c  __TI_Handler_Table_Base         
00002918  __TI_Handler_Table_Limit        
00002928  __TI_CINIT_Base                 
00002940  __TI_CINIT_Limit                
20000000  __start___llvm_prf_cnts         
20000000  __stop___llvm_prf_cnts          
20000000  g_pfnRAMVectors                 
2000026c  timerkesmesi                    
20000270  __stack                         
20000470  __STACK_END                     
20000470  __STACK_TOP                     
20000470  saatdizi                        
ffffffff  __TI_pprof_out_hndl             
ffffffff  __TI_prof_data_size             
ffffffff  __TI_prof_data_start            
ffffffff  __binit__                       
ffffffff  __c_args__                      
ffffffff  binit                           
UNDEFED   __mpu_init                      
UNDEFED   _system_post_cinit              

[162 symbols]
