******************************************************************************
                  TI ARM Linker PC v20.2.7                     
******************************************************************************
>> Linked Mon Dec 23 13:10:21 2024

OUTPUT FILE NAME:   <seri port odev videosu2.out>
ENTRY POINT SYMBOL: "_c_int00_noargs"  address: 00001195


MEMORY CONFIGURATION

         name            origin    length      used     unused   attr    fill
----------------------  --------  ---------  --------  --------  ----  --------
  FLASH                 00000000   00040000  000014fe  0003eb02  R  X
  SRAM                  20000000   00008000  00000244  00007dbc  RW X


SEGMENT ALLOCATION MAP

run origin  load origin   length   init length attrs members
----------  ----------- ---------- ----------- ----- -------
00000000    00000000    00001500   00001500    r-x
  00000000    00000000    0000026c   0000026c    r-- .intvecs
  0000026c    0000026c    0000114e   0000114e    r-x .text
  000013bc    000013bc    000000fc   000000fc    r-- .const
  000014b8    000014b8    00000048   00000048    r-- .cinit
20000000    20000000    00000244   00000000    rw-
  20000000    20000000    00000200   00000000    rw- .stack
  20000200    20000200    00000028   00000000    rw- .data
  20000228    20000228    0000001c   00000000    rw- .bss


SECTION ALLOCATION MAP

 output                                  attributes/
section   page    origin      length       input sections
--------  ----  ----------  ----------   ----------------
.intvecs   0    00000000    0000026c     
                  00000000    0000026c     tm4c123gh6pm_startup_ccs.obj (.intvecs)

.text      0    0000026c    0000114e     
                  0000026c    000005b8     main.obj (.text)
                  00000824    000002bc     seriportlcd.obj (.text)
                  00000ae0    0000016c     driverlib.lib : gpio.obj (.text:GPIOPadConfigSet)
                  00000c4c    00000118                   : sysctl.obj (.text:SysCtlClockGet)
                  00000d64    000000f4                   : sysctl.obj (.text:SysCtlClockSet)
                  00000e58    0000009c     rtsv7M4_T_le_v4SPD16_eabi.lib : memcpy_t2.asm.obj (.text)
                  00000ef4    0000007a     driverlib.lib : adc.obj (.text:ADCSequenceStepConfigure)
                  00000f6e    00000068     rtsv7M4_T_le_v4SPD16_eabi.lib : copy_decompress_lzss.c.obj (.text:decompress:lzss:__TI_decompress_lzss)
                  00000fd6    00000002     --HOLE-- [fill = 0]
                  00000fd8    00000060     driverlib.lib : timer.obj (.text:TimerConfigure)
                  00001038    0000004e                   : adc.obj (.text:ADCSequenceConfigure)
                  00001086    00000002     --HOLE-- [fill = 0]
                  00001088    0000004c                   : gpio.obj (.text:GPIOPinConfigure)
                  000010d4    00000046                   : uart.obj (.text:UARTConfigSetExpClk)
                  0000111a    00000002     --HOLE-- [fill = 0]
                  0000111c    00000044     rtsv7M4_T_le_v4SPD16_eabi.lib : autoinit.c.obj (.text:__TI_auto_init_nobinit_nopinit:__TI_auto_init_nobinit_nopinit)
                  00001160    00000034     driverlib.lib : sysctl.obj (.text:SysCtlPeripheralEnable)
                  00001194    00000034     rtsv7M4_T_le_v4SPD16_eabi.lib : boot_cortex_m.c.obj (.text:_c_int00_noargs:_c_int00_noargs)
                  000011c8    0000002e     driverlib.lib : adc.obj (.text:ADCIntStatus)
                  000011f6    0000002c                   : gpio.obj (.text:GPIODirModeSet)
                  00001222    00000002     --HOLE-- [fill = 0]
                  00001224    00000020                   : uart.obj (.text:UARTDisable)
                  00001244    0000001e                   : adc.obj (.text:ADCSequenceDataGet)
                  00001262    0000001c     rtsv7M4_T_le_v4SPD16_eabi.lib : copy_zero_init.c.obj (.text:decompress:ZI:__TI_zero_init_nomemset:__TI_zero_init_nomemset)
                  0000127e    0000001a     driverlib.lib : gpio.obj (.text:GPIOPinTypeGPIOOutput)
                  00001298    00000018                   : adc.obj (.text:ADCProcessorTrigger)
                  000012b0    00000018                   : timer.obj (.text:TimerDisable)
                  000012c8    00000016                   : gpio.obj (.text:GPIOPinTypeGPIOInput)
                  000012de    00000016                   : gpio.obj (.text:GPIOPinTypeUART)
                  000012f4    00000014                   : uart.obj (.text:UARTEnable)
                  00001308    00000012                   : timer.obj (.text:TimerLoadSet)
                  0000131a    0000000e                   : adc.obj (.text:ADCSequenceEnable)
                  00001328    0000000e                   : gpio.obj (.text:GPIOIntStatus)
                  00001336    0000000e                   : timer.obj (.text:TimerEnable)
                  00001344    0000000e                   : uart.obj (.text:UARTCharsAvail)
                  00001352    0000000e     rtsv7M4_T_le_v4SPD16_eabi.lib : copy_decompress_none.c.obj (.text:decompress:none:__TI_decompress_none)
                  00001360    0000000c     tm4c123gh6pm_startup_ccs.obj (.text)
                  0000136c    0000000a     driverlib.lib : adc.obj (.text:ADCIntClear)
                  00001376    0000000a                   : timer.obj (.text:TimerIntStatus)
                  00001380    0000000a                   : uart.obj (.text:UARTCharGet)
                  0000138a    0000000a                   : uart.obj (.text:UARTCharPut)
                  00001394    00000008                   : timer.obj (.text:TimerIntEnable)
                  0000139c    00000006                   : gpio.obj (.text:GPIOIntClear)
                  000013a2    00000006                   : gpio.obj (.text:GPIOPinWrite)
                  000013a8    00000006                   : sysctl.obj (.text:SysCtlDelay)
                  000013ae    00000004                   : timer.obj (.text:TimerIntClear)
                  000013b2    00000004     rtsv7M4_T_le_v4SPD16_eabi.lib : pre_init.c.obj (.text:_system_pre_init)
                  000013b6    00000004                                   : exit.c.obj (.text:abort:abort)

.const     0    000013bc    000000fc     
                  000013bc    00000090     driverlib.lib : gpio.obj (.const:g_pui32GPIOBaseAddrs)
                  0000144c    0000006c                   : sysctl.obj (.const:g_pui32Xtals)

.cinit     0    000014b8    00000048     
                  000014b8    00000020     (.cinit..data.load) [load image, compression = lzss]
                  000014d8    0000000c     (__TI_handler_table)
                  000014e4    00000004     --HOLE-- [fill = 0]
                  000014e8    00000008     (.cinit..bss.load) [load image, compression = zero_init]
                  000014f0    00000010     (__TI_cinit_table)

.init_array 
*          0    00000000    00000000     UNINITIALIZED

.data      0    20000200    00000028     UNINITIALIZED
                  20000200    00000020     main.obj (.data:saatdizi)
                  20000220    00000008     main.obj (.data)

.bss       0    20000228    0000001c     UNINITIALIZED
                  20000228    00000010     (.common:adcdata)
                  20000238    00000004     (.common:gelenveri)
                  2000023c    00000004     (.common:timerkesmesi)
                  20000240    00000001     (.common:hane0)
                  20000241    00000001     (.common:hane1)
                  20000242    00000001     (.common:hane2)
                  20000243    00000001     (.common:hane3)

.stack     0    20000000    00000200     UNINITIALIZED
                  20000000    00000004     rtsv7M4_T_le_v4SPD16_eabi.lib : boot_cortex_m.c.obj (.stack)
                  20000004    000001fc     --HOLE--

__llvm_prf_cnts 
*          0    20000000    00000000     UNINITIALIZED

MODULE SUMMARY

       Module                         code   ro data   rw data
       ------                         ----   -------   -------
    .\
       main.obj                       1464   0         68     
       seriportlcd.obj                700    0         0      
       tm4c123gh6pm_startup_ccs.obj   12     620       0      
    +--+------------------------------+------+---------+---------+
       Total:                         2176   620       68     
                                                              
    C:/ti/TivaWare_C_Series-2.2.0.295/driverlib/ccs/Debug/driverlib.lib
       gpio.obj                       580    144       0      
       sysctl.obj                     582    108       0      
       adc.obj                        324    0         0      
       timer.obj                      174    0         0      
       uart.obj                       156    0         0      
    +--+------------------------------+------+---------+---------+
       Total:                         1816   252       0      
                                                              
    C:\ti\ccs1281\ccs\tools\compiler\ti-cgt-arm_20.2.7.LTS\lib\rtsv7M4_T_le_v4SPD16_eabi.lib
       memcpy_t2.asm.obj              156    0         0      
       copy_decompress_lzss.c.obj     104    0         0      
       autoinit.c.obj                 68     0         0      
       boot_cortex_m.c.obj            52     0         0      
       copy_zero_init.c.obj           28     0         0      
       copy_decompress_none.c.obj     14     0         0      
       exit.c.obj                     4      0         0      
       pre_init.c.obj                 4      0         0      
    +--+------------------------------+------+---------+---------+
       Total:                         430    0         0      
                                                              
       Stack:                         0      0         512    
       Linker Generated:              0      68        0      
    +--+------------------------------+------+---------+---------+
       Grand Total:                   4422   940       580    


LINKER GENERATED COPY TABLES

__TI_cinit_table @ 000014f0 records: 2, size/record: 8, table size: 16
	.data: load addr=000014b8, load size=00000020 bytes, run addr=20000200, run size=00000028 bytes, compression=lzss
	.bss: load addr=000014e8, load size=00000008 bytes, run addr=20000228, run size=0000001c bytes, compression=zero_init


LINKER GENERATED HANDLER TABLE

__TI_handler_table @ 000014d8 records: 3, size/record: 4, table size: 12
	index: 0, handler: __TI_decompress_lzss
	index: 1, handler: __TI_decompress_none
	index: 2, handler: __TI_zero_init


GLOBAL SYMBOLS: SORTED ALPHABETICALLY BY Name 

address   name                          
-------   ----                          
0000136d  ADCIntClear                   
000011c9  ADCIntStatus                  
00001299  ADCProcessorTrigger           
00001039  ADCSequenceConfigure          
00001245  ADCSequenceDataGet            
0000131b  ADCSequenceEnable             
00000ef5  ADCSequenceStepConfigure      
000013b7  C$$EXIT                       
000011f7  GPIODirModeSet                
0000139d  GPIOIntClear                  
00001329  GPIOIntStatus                 
00000ae1  GPIOPadConfigSet              
00001089  GPIOPinConfigure              
000012c9  GPIOPinTypeGPIOInput          
0000127f  GPIOPinTypeGPIOOutput         
000012df  GPIOPinTypeUART               
000013a3  GPIOPinWrite                  
000009e7  LCD_sil                       
00001361  ResetISR                      
000006e5  SetInitSettings               
00000c4d  SysCtlClockGet                
00000d65  SysCtlClockSet                
000013a9  SysCtlDelay                   
00001161  SysCtlPeripheralEnable        
00000fd9  TimerConfigure                
000012b1  TimerDisable                  
00001337  TimerEnable                   
000013af  TimerIntClear                 
00001395  TimerIntEnable                
00001377  TimerIntStatus                
00001309  TimerLoadSet                  
00001381  UARTCharGet                   
0000138b  UARTCharPut                   
00001345  UARTCharsAvail                
000010d5  UARTConfigSetExpClk           
00001225  UARTDisable                   
000012f5  UARTEnable                    
20000200  __STACK_END                   
00000200  __STACK_SIZE                  
20000200  __STACK_TOP                   
000014f0  __TI_CINIT_Base               
00001500  __TI_CINIT_Limit              
000014d8  __TI_Handler_Table_Base       
000014e4  __TI_Handler_Table_Limit      
0000111d  __TI_auto_init_nobinit_nopinit
00000f6f  __TI_decompress_lzss          
00001353  __TI_decompress_none          
ffffffff  __TI_pprof_out_hndl           
ffffffff  __TI_prof_data_size           
ffffffff  __TI_prof_data_start          
00000000  __TI_static_base__            
00001263  __TI_zero_init_nomemset       
00000e59  __aeabi_memcpy                
00000e59  __aeabi_memcpy4               
00000e59  __aeabi_memcpy8               
ffffffff  __binit__                     
ffffffff  __c_args__                    
UNDEFED   __mpu_init                    
20000000  __stack                       
20000000  __start___llvm_prf_cnts       
20000000  __stop___llvm_prf_cnts        
00001195  _c_int00_noargs               
UNDEFED   _system_post_cinit            
000013b3  _system_pre_init              
000013b7  abort                         
20000228  adcdata                       
000003f3  adcseridengonder              
00000825  baslangic                     
ffffffff  binit                         
00000000  g_pfnVectors                  
20000224  gelensaatno                   
20000238  gelenveri                     
20000240  hane0                         
20000241  hane1                         
20000242  hane2                         
20000243  hane3                         
00000919  komut_yaz                     
0000034f  lcdyeSaatYaz                  
0000026d  main                          
00000e59  memcpy                        
0000058d  pcyesaatgonder                
00000a97  portfkesmesifonksiyonu        
20000200  saatdizi                      
000005e9  saatkontrol                   
20000220  saatmi                        
0000099d  satir_sutun                   
2000023c  timerkesmesi                  
000009f7  veri                          
00000a7b  veri_yaz                      


GLOBAL SYMBOLS: SORTED BY Symbol Address 

address   name                          
-------   ----                          
00000000  __TI_static_base__            
00000000  g_pfnVectors                  
00000200  __STACK_SIZE                  
0000026d  main                          
0000034f  lcdyeSaatYaz                  
000003f3  adcseridengonder              
0000058d  pcyesaatgonder                
000005e9  saatkontrol                   
000006e5  SetInitSettings               
00000825  baslangic                     
00000919  komut_yaz                     
0000099d  satir_sutun                   
000009e7  LCD_sil                       
000009f7  veri                          
00000a7b  veri_yaz                      
00000a97  portfkesmesifonksiyonu        
00000ae1  GPIOPadConfigSet              
00000c4d  SysCtlClockGet                
00000d65  SysCtlClockSet                
00000e59  __aeabi_memcpy                
00000e59  __aeabi_memcpy4               
00000e59  __aeabi_memcpy8               
00000e59  memcpy                        
00000ef5  ADCSequenceStepConfigure      
00000f6f  __TI_decompress_lzss          
00000fd9  TimerConfigure                
00001039  ADCSequenceConfigure          
00001089  GPIOPinConfigure              
000010d5  UARTConfigSetExpClk           
0000111d  __TI_auto_init_nobinit_nopinit
00001161  SysCtlPeripheralEnable        
00001195  _c_int00_noargs               
000011c9  ADCIntStatus                  
000011f7  GPIODirModeSet                
00001225  UARTDisable                   
00001245  ADCSequenceDataGet            
00001263  __TI_zero_init_nomemset       
0000127f  GPIOPinTypeGPIOOutput         
00001299  ADCProcessorTrigger           
000012b1  TimerDisable                  
000012c9  GPIOPinTypeGPIOInput          
000012df  GPIOPinTypeUART               
000012f5  UARTEnable                    
00001309  TimerLoadSet                  
0000131b  ADCSequenceEnable             
00001329  GPIOIntStatus                 
00001337  TimerEnable                   
00001345  UARTCharsAvail                
00001353  __TI_decompress_none          
00001361  ResetISR                      
0000136d  ADCIntClear                   
00001377  TimerIntStatus                
00001381  UARTCharGet                   
0000138b  UARTCharPut                   
00001395  TimerIntEnable                
0000139d  GPIOIntClear                  
000013a3  GPIOPinWrite                  
000013a9  SysCtlDelay                   
000013af  TimerIntClear                 
000013b3  _system_pre_init              
000013b7  C$$EXIT                       
000013b7  abort                         
000014d8  __TI_Handler_Table_Base       
000014e4  __TI_Handler_Table_Limit      
000014f0  __TI_CINIT_Base               
00001500  __TI_CINIT_Limit              
20000000  __stack                       
20000000  __start___llvm_prf_cnts       
20000000  __stop___llvm_prf_cnts        
20000200  __STACK_END                   
20000200  __STACK_TOP                   
20000200  saatdizi                      
20000220  saatmi                        
20000224  gelensaatno                   
20000228  adcdata                       
20000238  gelenveri                     
2000023c  timerkesmesi                  
20000240  hane0                         
20000241  hane1                         
20000242  hane2                         
20000243  hane3                         
ffffffff  __TI_pprof_out_hndl           
ffffffff  __TI_prof_data_size           
ffffffff  __TI_prof_data_start          
ffffffff  __binit__                     
ffffffff  __c_args__                    
ffffffff  binit                         
UNDEFED   __mpu_init                    
UNDEFED   _system_post_cinit            

[89 symbols]
